// Jest Snapshot v1, https://goo.gl/fbAQLP

exports[`<PostCard /> should match with snapshot 1`] = `
<DocumentFragment>
  <div
    class="post"
  >
    <img
      alt="title"
      src="img/img.png"
    />
    <div
      class="post-content"
    >
      <h2>
        title
      </h2>
      <p>
        content
      </p>
    </div>
  </div>
</DocumentFragment>
`;
